// Vitest Snapshot v1, https://vitest.dev/guide/snapshot.html

exports[`replay > katjes-casual replays to a stable state hash 1`] = `"15421db0"`;

exports[`replay > katjes-win replays to a stable state hash 1`] = `"722b1c9e"`;

exports[`replay > kayak-casual replays to a stable state hash 1`] = `"bdd8d2ee"`;

exports[`replay > kayak-win replays to a stable state hash 1`] = `"b7e5f423"`;

exports[`replay > pfand-casual replays to a stable state hash 1`] = `"4090857b"`;

exports[`replay > pfand-win replays to a stable state hash 1`] = `"457e3e64"`;

exports[`replay > sisyphos-casual replays to a stable state hash 1`] = `"e0b7c491"`;

exports[`replay > sisyphos-win replays to a stable state hash 1`] = `"4ec0cb33"`;
