// Vitest Snapshot v1, https://vitest.dev/guide/snapshot.html

exports[`replay > katjes-casual replays to a stable state hash 1`] = `"d103d37a"`;

exports[`replay > katjes-win replays to a stable state hash 1`] = `"569798f4"`;

exports[`replay > kayak-casual replays to a stable state hash 1`] = `"634402d6"`;

exports[`replay > kayak-win replays to a stable state hash 1`] = `"a2261fd2"`;

exports[`replay > pfand-casual replays to a stable state hash 1`] = `"6dea15f1"`;

exports[`replay > pfand-win replays to a stable state hash 1`] = `"fe2b61d6"`;

exports[`replay > sisyphos-casual replays to a stable state hash 1`] = `"d6738251"`;

exports[`replay > sisyphos-win replays to a stable state hash 1`] = `"af3fedd7"`;
